// Jest Snapshot v1, https://goo.gl/fbAQLP

exports[`renders correctly 1`] = `
Array [
  <video
    autoPlay={true}
    className="videoTag"
    loop={true}
    muted={true}
  >
    <source
      src="video.mp4"
      type="video/mp4"
    />
  </video>,
  <div
    className="container "
  >
    <div
      className="calc"
    >
      <h3
        className="calc__title"
      >
        Try Our Recipe Nutrition Calculator
      </h3>
      <div
        className="calc__forms"
      >
        <div
          className="calc__form"
        >
          <form
            className="form-calculator"
          >
            <input
              className="form__name"
              onChange={[Function]}
              placeholder="Product Name"
              type="text"
              value=""
            />
            <input
              className="form__weight"
              onChange={[Function]}
              placeholder="Weight in grams"
              type="number"
              value={0}
            />
            <input
              className="button form__btn"
              onClick={[Function]}
              type="submit"
              value="Add"
            />
          </form>
          <div
            className="form__list"
          >
            <div
              className="list__item"
            >
              <div
                className="list__weight"
              >
                150
                 g
              </div>
              <div
                className="list__title"
              >
                Sugar
              </div>
              <div
                className="list__nutrition"
              >
                <span
                  className="list__nutrition_prot"
                >
                  Protein:
                  0.0
                </span>
                <span
                  className="list__nutrition_fat"
                >
                  Fat:
                  0.0
                </span>
                <span
                  className="list__nutrition_carb"
                >
                  Carb:
                  150.0
                </span>
                <span
                  className="list__kkal"
                >
                  580
                   kkal
                </span>
              </div>
              <div
                className="list__controls"
              >
                <div
                  className="list__edit"
                  data-id={1}
                  onClick={[Function]}
                >
                  ✏️
                </div>
                <div
                  className="list__delete"
                  data-id={1}
                  onClick={[Function]}
                >
                  ❌
                </div>
              </div>
            </div>
            <div
              className="list__item"
            >
              <div
                className="list__weight"
              >
                220
                 g
              </div>
              <div
                className="list__title"
              >
                Eggs
              </div>
              <div
                className="list__nutrition"
              >
                <span
                  className="list__nutrition_prot"
                >
                  Protein:
                  27.6
                </span>
                <span
                  className="list__nutrition_fat"
                >
                  Fat:
                  20.9
                </span>
                <span
                  className="list__nutrition_carb"
                >
                  Carb:
                  1.6
                </span>
                <span
                  className="list__kkal"
                >
                  314
                   kkal
                </span>
              </div>
              <div
                className="list__controls"
              >
                <div
                  className="list__edit"
                  data-id={2}
                  onClick={[Function]}
                >
                  ✏️
                </div>
                <div
                  className="list__delete"
                  data-id={2}
                  onClick={[Function]}
                >
                  ❌
                </div>
              </div>
            </div>
            <div
              className="list__item"
            >
              <div
                className="list__weight"
              >
                300
                 g
              </div>
              <div
                className="list__title"
              >
                Flour
              </div>
              <div
                className="list__nutrition"
              >
                <span
                  className="list__nutrition_prot"
                >
                  Protein:
                  31.0
                </span>
                <span
                  className="list__nutrition_fat"
                >
                  Fat:
                  2.9
                </span>
                <span
                  className="list__nutrition_carb"
                >
                  Carb:
                  228.9
                </span>
                <span
                  className="list__kkal"
                >
                  1092
                   kkal
                </span>
              </div>
              <div
                className="list__controls"
              >
                <div
                  className="list__edit"
                  data-id={3}
                  onClick={[Function]}
                >
                  ✏️
                </div>
                <div
                  className="list__delete"
                  data-id={3}
                  onClick={[Function]}
                >
                  ❌
                </div>
              </div>
            </div>
            <div
              className="list__item"
            >
              <div
                className="list__weight"
              >
                500
                 g
              </div>
              <div
                className="list__title"
              >
                Apples
              </div>
              <div
                className="list__nutrition"
              >
                <span
                  className="list__nutrition_prot"
                >
                  Protein:
                  1.3
                </span>
                <span
                  className="list__nutrition_fat"
                >
                  Fat:
                  0.9
                </span>
                <span
                  className="list__nutrition_carb"
                >
                  Carb:
                  69.0
                </span>
                <span
                  className="list__kkal"
                >
                  260
                   kkal
                </span>
              </div>
              <div
                className="list__controls"
              >
                <div
                  className="list__edit"
                  data-id={4}
                  onClick={[Function]}
                >
                  ✏️
                </div>
                <div
                  className="list__delete"
                  data-id={4}
                  onClick={[Function]}
                >
                  ❌
                </div>
              </div>
            </div>
          </div>
        </div>
        <div
          className="calc__analysis"
        >
          <h3
            className="analysis__title"
          >
            Nutrition Facts
          </h3>
          <div
            className="analysis__kkal"
          >
            <span>
              Total Calories
            </span>
            <span>
              2246
            </span>
          </div>
          <div
            className="analysis__text"
          >
            % Daily Value*
          </div>
          <div
            className="analysis__fat"
          >
            <span>
              Total Fat 
              24.7
              g
            </span>
            <span>
              38
              %
            </span>
          </div>
          <div
            className="analysis__cholest"
          >
            <span>
              Cholesterol 
              818.4
               mg
            </span>
            <span>
              272.8
              %
            </span>
          </div>
          <div
            className="analysis__sodium"
          >
            <span>
              Sodium 
              324.9
               mg
            </span>
            <span>
              13.5
              % 
            </span>
          </div>
          <div
            className="analysis__carb"
          >
            <span>
              Total Carbohydrate 
              449.5
               g
            </span>
            <span>
              149.8
              %
            </span>
          </div>
          <div
            className="analysis__sugar"
          >
            <span>
              Total Sugars 
              203.3
               g
            </span>
          </div>
          <div
            className="analysis__prot"
          >
            <span>
              Protein 
              59.9
               g
            </span>
            <span>
              119.8
              %
            </span>
          </div>
          <div
            className="analysis__vitamins"
          >
            <div
              className="analysis__vitD"
            >
              <span>
                Vitamin D 
                4.4
                 µg
              </span>
              <span>
                29.3
                %
              </span>
            </div>
            <div
              className="analysis__calcium"
            >
              <span>
                Calcium 
                199.7
                 mg
              </span>
              <span>
                20
                %
              </span>
            </div>
            <div
              className="analysis__iron"
            >
              <span>
                Iron 
                8
                 mg
              </span>
              <span>
                44.6
                %
              </span>
            </div>
            <div
              className="analysis__potass"
            >
              <span>
                Potassium 
                1162.6
                mg
              </span>
              <span>
                24.7
                %
              </span>
            </div>
          </div>
          <div
            className="analysis__desc"
          >
            *The % Daily Value (DV) tells you how much a nutrient in a food serving contributes to a daily diet. 2,000 calorie a day is used for general nutrition advice.
          </div>
        </div>
      </div>
    </div>
  </div>,
]
`;
