// Jest Snapshot v1, https://goo.gl/fbAQLP

exports[`DropDownMenu component should render component with default props 1`] = `
<div
  className="profileBtnContainer"
>
  <div
    className="dropdown"
  >
    <div
      className="button  "
      onClick={[Function]}
    />
  </div>
</div>
`;

exports[`DropDownMenu component should render component without props 1`] = `
<div
  className="profileBtnContainer"
>
  <div
    className="dropdown"
  >
    <div
      className="button  "
      onClick={[Function]}
    />
  </div>
</div>
`;
