// Jest Snapshot v1, https://goo.gl/fbAQLP

exports[`renders correctly 1`] = `
<div
  className="container workout-videos"
>
  <div
    className="workout-videos__left-side"
  >
    <div
      className="search-container"
    >
      <form
        autoComplete="off"
        className="finder-form"
      >
        <div
          className="finder__icon"
        />
        <input
          className="finder__input"
          name="q"
          onChange={[Function]}
          placeholder="Type title of Video"
          type="text"
        />
        <div
          className="finder__cross"
          onClick={[Function]}
        />
      </form>
    </div>
    <div
      className="slider-minutes"
    >
      WORKOUT DURATION
    </div>
    <div
      className="slider-container"
    >
      <input
        className="thumb thumb--left"
        max={25}
        min={5}
        onChange={[Function]}
        style={
          Object {
            "zIndex": 5,
          }
        }
        type="range"
        value={5}
      />
      <input
        className="thumb thumb--right"
        max={25}
        min={5}
        onChange={[Function]}
        type="range"
        value={25}
      />
      <div
        className="slider"
      >
        <div
          className="slider__track"
        />
        <div
          className="slider__range"
        />
        <div
          className="slider__left-value"
        >
          5
        </div>
        <div
          className="slider__right-value"
        >
          25
        </div>
      </div>
    </div>
    <div
      className="random-video"
    >
      <div
        className="random-video__title"
      >
        Try out this Random Workout Video:
      </div>
      <div
        className="workout-video"
      >
        <a
          href="https://www.youtube.com/watch?v=UBnfm4s7CRA&feature=youtu.be&ab_channel=ChloeTing"
        >
          <img
            alt="Flat Belly Abs"
            className="workout-video__img"
            src="https://static.chloeting.com/videos/61bbbbf0c3d293024898b838/8873f260-5ebe-11ec-9a04-3fd984621d67.jpeg"
          />
          <div
            className="workout-video__title"
          >
            Flat Belly Abs
          </div>
          <div
            className="workout-video__duration"
          >
            25
             MIN
          </div>
        </a>
      </div>
      <div
        className="button"
        onClick={[Function]}
      >
        Randomize Again
      </div>
    </div>
  </div>
  <div
    className="workout-videos__right-side"
  >
    <div
      className="videos-filters"
    >
      <span
        className="video-filter active"
        data-val="All"
        onClick={[Function]}
      >
        All
      </span>
      <span
        className="video-filter "
        data-val="Low Intensity"
        onClick={[Function]}
      >
        Low Intensity
      </span>
      <span
        className="video-filter "
        data-val="No Jumping"
        onClick={[Function]}
      >
        No Jumping
      </span>
      <span
        className="video-filter "
        data-val="No Burpees"
        onClick={[Function]}
      >
        No Burpees
      </span>
      <span
        className="video-filter "
        data-val="No Planks"
        onClick={[Function]}
      >
        No Planks
      </span>
      <span
        className="video-filter "
        data-val="Standing"
        onClick={[Function]}
      >
        Standing
      </span>
    </div>
    <div
      className="filtered-videos-count"
    >
      Showing 8 Workout Videos matching applied filters
    </div>
    <div
      className="videos-container"
    >
      <div
        className="workout-video"
      >
        <a
          href="https://www.youtube.com/watch?v=2pLT-olgUJs&ab_channel=ChloeTing"
        >
          <img
            alt="Abs in 2 Weeks"
            className="workout-video__img"
            src="https://static.chloeting.com/videos/61bbdcdd017bbb985e15f8eb/28972560-5ed2-11ec-b99f-c33e6b9468db.jpeg"
          />
          <div
            className="workout-video__title"
          >
            Abs in 2 Weeks
          </div>
          <div
            className="workout-video__duration"
          >
            11
             MIN
          </div>
        </a>
      </div>
      <div
        className="workout-video"
      >
        <a
          href="https://www.youtube.com/watch?v=2MoGxae-zyo&ab_channel=ChloeTing"
        >
          <img
            alt="Do This Everyday to Lose Weight"
            className="workout-video__img"
            src="https://static.chloeting.com/videos/61bbdc7e2cb3b78eb6ac2bba/efca6f80-5ed1-11ec-b182-df31ae6aab45.jpeg"
          />
          <div
            className="workout-video__title"
          >
            Do This Everyday to Lose Weight
          </div>
          <div
            className="workout-video__duration"
          >
            14
             MIN
          </div>
        </a>
      </div>
      <div
        className="workout-video"
      >
        <a
          href="https://www.youtube.com/watch?v=6TmQiugy_qw&feature=youtu.be"
        >
          <img
            alt="11 Line Abs"
            className="workout-video__img"
            src="https://static.chloeting.com/videos/61bbd89dc3d293024898b84d/9ff668d0-5ecf-11ec-b8cd-2976cd667d03.jpeg"
          />
          <div
            className="workout-video__title"
          >
            11 Line Abs
          </div>
          <div
            className="workout-video__duration"
          >
            11
             MIN
          </div>
        </a>
      </div>
      <div
        className="workout-video"
      >
        <a
          href="https://www.youtube.com/watch?v=-p0PA9Zt8zk&feature=youtu.be&ab_channel=ChloeTing"
        >
          <img
            alt="Warm Up"
            className="workout-video__img"
            src="https://static.chloeting.com/videos/61bbf59552c5c9bf0f2550eb/e43a1620-5ee0-11ec-9a04-3fd984621d67.jpeg"
          />
          <div
            className="workout-video__title"
          >
            Warm Up
          </div>
          <div
            className="workout-video__duration"
          >
            6
             MIN
          </div>
        </a>
      </div>
      <div
        className="workout-video"
      >
        <a
          href="https://www.youtube.com/watch?v=UBnfm4s7CRA&feature=youtu.be&ab_channel=ChloeTing"
        >
          <img
            alt="Flat Belly Abs"
            className="workout-video__img"
            src="https://static.chloeting.com/videos/61bbbbf0c3d293024898b838/8873f260-5ebe-11ec-9a04-3fd984621d67.jpeg"
          />
          <div
            className="workout-video__title"
          >
            Flat Belly Abs
          </div>
          <div
            className="workout-video__duration"
          >
            25
             MIN
          </div>
        </a>
      </div>
      <div
        className="workout-video"
      >
        <a
          href="https://www.youtube.com/watch?v=h8ctkfSx6R0&feature=youtu.be&ab_channel=ChloeTing"
        >
          <img
            alt="Abs in 2 Weeks - 2020"
            className="workout-video__img"
            src="https://static.chloeting.com/videos/61bc1877dff295b571b03e08/af196bc0-5ef5-11ec-b4e8-6545cdfc138f.jpeg"
          />
          <div
            className="workout-video__title"
          >
            Abs in 2 Weeks - 2020
          </div>
          <div
            className="workout-video__duration"
          >
            11
             MIN
          </div>
        </a>
      </div>
      <div
        className="workout-video"
      >
        <a
          href="https://www.youtube.com/watch?v=cIuiQyfKBTg&feature=youtu.be&ab_channel=ChloeTing"
        >
          <img
            alt="Tiny Waist Round Butt"
            className="workout-video__img"
            src="https://static.chloeting.com/videos/61bbf3f62d47479a9df235a8/ed177c20-5edf-11ec-9a04-3fd984621d67.jpeg"
          />
          <div
            className="workout-video__title"
          >
            Tiny Waist Round Butt
          </div>
          <div
            className="workout-video__duration"
          >
            16
             MIN
          </div>
        </a>
      </div>
      <div
        className="workout-video"
      >
        <a
          href="https://www.youtube.com/watch?v=j64BBgBGNIU&t=0s&ab_channel=ChloeTing"
        >
          <img
            alt="Lean Arms Workout"
            className="workout-video__img"
            src="https://static.chloeting.com/videos/61bbdeaac3d293024898b867/3b4068b0-5ed3-11ec-b99f-c33e6b9468db.jpeg"
          />
          <div
            className="workout-video__title"
          >
            Lean Arms Workout
          </div>
          <div
            className="workout-video__duration"
          >
            11
             MIN
          </div>
        </a>
      </div>
    </div>
  </div>
</div>
`;
